[02:37:57] v13.2 готово: ИНСТРУМЕНТ→РИСОВАТЬ = рисуй струны; СЕТКА = мембрана;
[02:37:57] Shift+клик x2 = связь (ПРУЖИНА/НИТКА); Alt+клик = пин-резонатор;
[02:37:57] МЯЧ = бросить мяч (гравитация = слайдер 'ПИН: гравитация');
[02:37:57] ПКМ зажать/отпустить = щипок; ПРОБЕЛ = смычок на стр.0.
[02:37:57] АУДИО НЕ ОТКРЫЛОСЬ: name 'sd' is not defined
[02:38:12] МЯЧ #0 брошен (грав=0.60) — скачет по струнам и полу
[02:38:13] МЯЧ #1 брошен (грав=0.60) — скачет по струнам и полу
[02:38:27] ПИН #2 СВОБОДНЫЙ (мяч), грав=0.60
[02:38:28] связь: кликни ближе к узлу
[02:38:28] связь: кликни ближе к узлу
[02:38:28] связь: кликни ближе к узлу
[02:38:29] пин удалён
[02:38:29] пин удалён
[02:38:29] пин удалён
[02:38:29] ПИН #0 СВОБОДНЫЙ (мяч), грав=0.60
[02:38:30] ПИН #1 СВОБОДНЫЙ (мяч), грав=0.60
[02:38:30] ПИН #2 СВОБОДНЫЙ (мяч), грав=0.60
[02:38:30] ПИН #3 СВОБОДНЫЙ (мяч), грав=0.60
[02:38:31] ПИН #4 СВОБОДНЫЙ (мяч), грав=0.60
[02:38:31] ПИН #5 СВОБОДНЫЙ (мяч), грав=0.60
[02:38:31] связь: кликни ближе к узлу
[02:38:42] СТРУНА #0: 37 узлов, f0≈244 Гц
[02:38:42] СТРУНА #1: 21 узлов, f0≈439 Гц
[02:38:43] СТРУНА #2: 45 узлов, f0≈199 Гц
[02:38:43] СТРУНА #3: 59 узлов, f0≈151 Гц
[02:38:43] СТРУНА #4: 40 узлов, f0≈225 Гц
[02:38:44] СТРУНА #5: 32 узлов, f0≈283 Гц
[02:38:45] СТРУНА #6: 140 узлов, f0≈63 Гц
[02:38:45] СТРУНА #7: 30 узлов, f0≈302 Гц
[02:38:49] выбрана стр.0 — слайдеры 'Материал' к ней
[02:38:49] выбрана стр.6 — слайдеры 'Материал' к ней
[02:38:49] выбрана стр.4 — слайдеры 'Материал' к ней
[02:38:50] выбрана стр.6 — слайдеры 'Материал' к ней
[02:38:50] выбрана стр.7 — слайдеры 'Материал' к ней
[02:38:50] выбрана стр.3 — слайдеры 'Материал' к ней
[02:38:50] выбрана стр.5 — слайдеры 'Материал' к ней
[02:38:51] выбрана стр.7 — слайдеры 'Материал' к ней
[02:38:51] выбрана стр.5 — слайдеры 'Материал' к ней
[02:38:59] выбрана стр.6 — слайдеры 'Материал' к ней
[02:39:04] выбрана стр.7 — слайдеры 'Материал' к ней
[02:39:05] выбрана стр.5 — слайдеры 'Материал' к ней
[02:39:06] выбрана стр.7 — слайдеры 'Материал' к ней
[02:39:07] выбрана стр.4 — слайдеры 'Материал' к ней
[02:39:07] выбрана стр.0 — слайдеры 'Материал' к ней
[02:39:08] выбрана стр.6 — слайдеры 'Материал' к ней
[02:39:08] выбрана стр.2 — слайдеры 'Материал' к ней
[02:39:08] выбрана стр.4 — слайдеры 'Материал' к ней
[02:39:08] выбрана стр.3 — слайдеры 'Материал' к ней
[02:39:09] выбрана стр.3 — слайдеры 'Материал' к ней
[02:39:09] выбрана стр.3 — слайдеры 'Материал' к ней
[02:39:10] выбрана стр.1 — слайдеры 'Материал' к ней
[02:39:11] выбрана стр.7 — слайдеры 'Материал' к ней
[02:39:11] выбрана стр.6 — слайдеры 'Материал' к ней
[02:39:11] выбрана стр.7 — слайдеры 'Материал' к ней
[02:39:17] связь: от узла 381 (стр.7) — второй Shift+клик
[02:39:18] СВЯЗЬ ПРУЖИНА: 381(стр.7) ↔ 248(стр.6), 75 мм
[02:39:18] связь: от узла 129 (стр.3) — второй Shift+клик
[02:39:18] СВЯЗЬ ПРУЖИНА: 129(стр.3) ↔ 246(стр.6), 22 мм
[02:39:19] связь: от узла 135 (стр.3) — второй Shift+клик
[02:39:19] СВЯЗЬ ПРУЖИНА: 135(стр.3) ↔ 342(стр.6), 57 мм
[02:39:20] связь: кликни ближе к узлу
[02:39:20] связь: от узла 36 (стр.0) — второй Shift+клик
[02:39:20] СВЯЗЬ ПРУЖИНА: 36(стр.0) ↔ 23(стр.0), 79 мм
[02:39:20] связь: от узла 26 (стр.0) — второй Shift+клик
[02:39:21] СВЯЗЬ ПРУЖИНА: 26(стр.0) ↔ 239(стр.6), 78 мм
[02:39:21] связь: кликни ближе к узлу
[02:39:21] связь: от узла 382 (стр.7) — второй Shift+клик
[02:39:21] СВЯЗЬ ПРУЖИНА: 382(стр.7) ↔ 341(стр.6), 31 мм
[02:39:22] выбрана стр.3 — слайдеры 'Материал' к ней
[02:39:23] выбрана стр.3 — слайдеры 'Материал' к ней
[02:39:23] выбрана стр.6 — слайдеры 'Материал' к ней
[02:39:24] выбрана стр.6 — слайдеры 'Материал' к ней
[02:39:26] лимит пинов
[02:39:26] выбрана стр.0 — слайдеры 'Материал' к ней
[02:39:27] выбрана стр.7 — слайдеры 'Материал' к ней
[02:39:27] выбрана стр.3 — слайдеры 'Материал' к ней
[02:39:28] выбрана стр.6 — слайдеры 'Материал' к ней
[02:39:28] выбрана стр.6 — слайдеры 'Материал' к ней
[02:39:28] выбрана стр.5 — слайдеры 'Материал' к ней
[02:39:32] выбрана стр.6 — слайдеры 'Материал' к ней
[02:39:32] выбрана стр.4 — слайдеры 'Материал' к ней
[02:39:32] выбрана стр.4 — слайдеры 'Материал' к ней
[02:39:33] выбрана стр.5 — слайдеры 'Материал' к ней
[02:39:36] СТРУНА #8: 11 узлов, f0≈877 Гц
[02:39:36] СТРУНА #9: 23 узлов, f0≈399 Гц
[02:39:40] ОЧИСТКА сцены
[02:39:40] СТРУНА #0: 8 узлов, f0≈1253 Гц
[02:39:41] СТРУНА #1: 8 узлов, f0≈1253 Гц
[02:39:41] СТРУНА #2: 63 узлов, f0≈141 Гц
[02:39:42] СТРУНА #3: 46 узлов, f0≈195 Гц
[02:39:43] ОЧИСТКА сцены
[02:39:44] СТРУНА #0: 73 узлов, f0≈122 Гц
[02:39:45] СТРУНА #1: 47 узлов, f0≈191 Гц
[02:39:45] СЕТКА 14x9 (сид 2), f0≈70 Гц
[02:39:47] СТРУНА #3: 5 узлов, f0≈2193 Гц
[02:39:47] СТРУНА #4: 19 узлов, f0≈487 Гц
[02:39:48] СЕТКА 14x9 (сид 5), f0≈70 Гц
[02:39:48] СЕТКА 14x9 (сид 6), f0≈70 Гц
[02:39:49] СЕТКА 14x9 (сид 7), f0≈70 Гц
[02:39:50] ОЧИСТКА сцены
[02:39:51] СЕТКА 14x9 (сид 0), f0≈70 Гц
[02:39:52] СТРУНА #1: 42 узлов, f0≈214 Гц
[02:39:52] СТРУНА #2: 89 узлов, f0≈100 Гц
[02:39:53] СТРУНА #3: 154 узлов, f0≈57 Гц
[02:39:56] ОЧИСТКА сцены
[02:39:57] СТРУНА #0: 73 узлов, f0≈122 Гц
[02:39:57] СТРУНА #1: 64 узлов, f0≈139 Гц
[02:40:03] ПИН #0 → резонатор на узле 29 (стр.0), f0=443 Q=8
[02:40:03] ПИН #1 → резонатор на узле 102 (стр.1), f0=443 Q=8
[02:40:04] связь: от узла 104 (стр.1) — второй Shift+клик
[02:40:04] СВЯЗЬ ПРУЖИНА: 104(стр.1) ↔ 36(стр.0), 81 мм
[02:40:05] связь: от узла 83 (стр.1) — второй Shift+клик
[02:40:06] СВЯЗЬ ПРУЖИНА: 83(стр.1) ↔ 16(стр.0), 93 мм
[02:40:20] МЯЧ #2 брошен (грав=0.60) — скачет по струнам и полу
[02:40:20] выбрана стр.0 — слайдеры 'Материал' к ней
[02:40:30] выбрана стр.1 — слайдеры 'Материал' к ней
[02:40:31] выбрана стр.1 — слайдеры 'Материал' к ней
[02:40:31] выбрана стр.0 — слайдеры 'Материал' к ней
[02:40:32] выбрана стр.0 — слайдеры 'Материал' к ней
[02:40:32] выбрана стр.1 — слайдеры 'Материал' к ней
[02:40:33] выбрана стр.1 — слайдеры 'Материал' к ней
[02:40:33] выбрана стр.1 — слайдеры 'Материал' к ней
[02:40:33] выбрана стр.0 — слайдеры 'Материал' к ней
[02:40:34] выбрана стр.1 — слайдеры 'Материал' к ней
[02:40:35] связь: от узла 27 (стр.0) — второй Shift+клик
[02:40:35] связь: кликни ближе к узлу
[02:40:36] СВЯЗЬ ПРУЖИНА: 27(стр.0) ↔ 30(стр.0), 33 мм
[02:40:36] связь: от узла 103 (стр.1) — второй Shift+клик
[02:40:36] СВЯЗЬ ПРУЖИНА: 103(стр.1) ↔ 33(стр.0), 79 мм
[02:40:37] связь: от узла 104 (стр.1) — второй Shift+клик
[02:40:38] СВЯЗЬ ПРУЖИНА: 104(стр.1) ↔ 33(стр.0), 81 мм
[02:40:45] выбрана стр.1 — слайдеры 'Материал' к ней
[02:40:46] выбрана стр.1 — слайдеры 'Материал' к ней
[02:40:46] выбрана стр.0 — слайдеры 'Материал' к ней
[02:40:47] выбрана стр.0 — слайдеры 'Материал' к ней
[02:40:47] выбрана стр.1 — слайдеры 'Материал' к ней
[02:40:51] ПИН #3 → резонатор на узле 89 (стр.1), f0=443 Q=8
[02:40:51] ПИН #4 → резонатор на узле 24 (стр.0), f0=443 Q=8
[02:40:51] связь удалена
[02:40:52] связь удалена
[02:40:52] связь удалена
[02:40:53] пин удалён
[02:40:53] связь удалена
[02:40:53] пин удалён
[02:41:07] выбрана стр.0 — слайдеры 'Материал' к ней
[02:41:24] выбрана стр.0 — слайдеры 'Материал' к ней
[02:41:25] выбрана стр.0 — слайдеры 'Материал' к ней
[02:41:25] выбрана стр.0 — слайдеры 'Материал' к ней
[02:41:27] выбрана стр.0 — слайдеры 'Материал' к ней
[02:42:39] ОЧИСТКА сцены
[02:42:47] СТРУНА #0: 69 узлов, f0≈129 Гц
[02:42:47] СТРУНА #1: 11 узлов, f0≈877 Гц
[02:42:48] СТРУНА #2: 73 узлов, f0≈122 Гц
[02:42:48] СТРУНА #3: 66 узлов, f0≈135 Гц
[02:42:50] выбрана стр.3 — слайдеры 'Материал' к ней
[02:42:50] выбрана стр.0 — слайдеры 'Материал' к ней
[02:42:50] выбрана стр.1 — слайдеры 'Материал' к ней
[02:42:50] выбрана стр.0 — слайдеры 'Материал' к ней
[02:42:51] выбрана стр.3 — слайдеры 'Материал' к ней
[02:42:53] МЯЧ #0 брошен (грав=0.60) — скачет по струнам и полу
[02:42:54] МЯЧ #1 брошен (грав=0.60) — скачет по струнам и полу
[02:42:55] выбрана стр.0 — слайдеры 'Материал' к ней
[02:42:55] выбрана стр.2 — слайдеры 'Материал' к ней
[02:42:55] выбрана стр.0 — слайдеры 'Материал' к ней
[02:42:56] выбрана стр.2 — слайдеры 'Материал' к ней
[02:43:29] выбрана стр.3 — слайдеры 'Материал' к ней
[02:43:29] выбрана стр.3 — слайдеры 'Материал' к ней
[02:43:29] выбрана стр.3 — слайдеры 'Материал' к ней
[02:43:30] выбрана стр.3 — слайдеры 'Материал' к ней
[02:43:31] выбрана стр.3 — слайдеры 'Материал' к ней
[02:43:31] выбрана стр.0 — слайдеры 'Материал' к ней
[02:43:32] выбрана стр.2 — слайдеры 'Материал' к ней
[02:43:32] выбрана стр.3 — слайдеры 'Материал' к ней
[02:44:36] выбрана стр.3 — слайдеры 'Материал' к ней
[02:44:37] выбрана стр.2 — слайдеры 'Материал' к ней
[02:44:39] СБРОС (в позиции покоя)
[02:44:39] СБРОС (в позиции покоя)
[02:44:40] ОЧИСТКА сцены
[02:44:41] СЕТКА 14x9 (сид 0), f0≈70 Гц
[02:44:41] выбрана стр.0 — слайдеры 'Материал' к ней
[02:44:42] выбрана стр.0 — слайдеры 'Материал' к ней
[02:57:01] v13.3: ИНСТРУМЕНТ→РИСОВАТЬ = рисуй струны; клик по струне = выбрать её;
[02:57:01] слайдеры 'Материал' применяются к выбранной live; СЕТКА — размер сверху;
[02:57:01] Shift+клик x2 = связь; Alt+клик = пин; МЯЧ = бросок; ПКМ = щипок.
[02:57:01] АУДИО НЕ ОТКРЫЛОСЬ: name 'sd' is not defined
[02:57:07] СТРУНА #0: 75 узлов, f0≈125 Гц (материал t=1.00)
[02:57:07] СТРУНА #1: 63 узлов, f0≈150 Гц (материал t=1.00)
[02:57:08] СТРУНА #2: 45 узлов, f0≈211 Гц (материал t=1.00)
[02:57:08] СТРУНА #3: 42 узлов, f0≈226 Гц (материал t=1.00)
[02:57:10] СТРУНА #4: 54 узлов, f0≈175 Гц (материал t=1.00)
[02:57:18] связь: кликни ближе к узлу
[02:57:18] связь: от узла 38 (стр.0) — второй Shift+клик
[02:57:21] стр.1 выбрана: t=1.00 nl=0.04 ca=0.02 grav=0.00 (слайдеры синхронизированы)
[02:57:21] стр.2 выбрана: t=1.00 nl=0.04 ca=0.02 grav=0.00 (слайдеры синхронизированы)
[02:57:25] стр.3 выбрана: t=1.00 nl=0.04 ca=0.02 grav=0.00 (слайдеры синхронизированы)
[02:57:25] стр.4 выбрана: t=1.00 nl=0.04 ca=0.02 grav=0.00 (слайдеры синхронизированы)
[02:57:26] стр.4 выбрана: t=1.00 nl=0.04 ca=0.02 grav=0.00 (слайдеры синхронизированы)
[02:57:26] стр.4 выбрана: t=1.00 nl=0.04 ca=0.02 grav=0.00 (слайдеры синхронизированы)
[02:57:37] СТРУНА #5: 40 узлов, f0≈238 Гц (материал t=1.00)
[02:57:38] СТРУНА #6: 4 узлов, f0≈3090 Гц (материал t=1.00)
[02:57:40] стр.2 выбрана: t=1.00 nl=0.04 ca=0.02 grav=0.00 (слайдеры синхронизированы)
[02:57:40] стр.0 выбрана: t=1.00 nl=0.04 ca=0.02 grav=0.00 (слайдеры синхронизированы)
[02:57:44] СВЯЗЬ ПРУЖИНА: 38(стр.0) ↔ 58(стр.0), 170 мм
[02:57:44] связь: от узла 225 (стр.4) — второй Shift+клик
[02:57:44] СВЯЗЬ ПРУЖИНА: 225(стр.4) ↔ 234(стр.4), 103 мм
[02:57:45] связь: от узла 239 (стр.4) — второй Shift+клик
[02:57:46] СВЯЗЬ НИТКА: 239(стр.4) ↔ 303(стр.5), 54 мм
[02:57:46] связь: от узла 62 (стр.0) — второй Shift+клик
[02:57:46] связь: кликни ближе к узлу
[02:57:46] связь: кликни ближе к узлу
[02:57:47] СВЯЗЬ НИТКА: 62(стр.0) ↔ 229(стр.4), 162 мм
[02:57:47] связь: от узла 231 (стр.4) — второй Shift+клик
[02:57:47] СВЯЗЬ НИТКА: 231(стр.4) ↔ 122(стр.1), 53 мм
[02:57:47] связь: от узла 154 (стр.2) — второй Shift+клик
[02:57:47] СВЯЗЬ НИТКА: 154(стр.2) ↔ 150(стр.2), 54 мм
[02:57:49] связь: от узла 305 (стр.5) — второй Shift+клик
[02:57:49] СВЯЗЬ ПРУЖИНА: 305(стр.5) ↔ 113(стр.1), 82 мм
[02:57:49] связь: от узла 260 (стр.4) — второй Shift+клик
[02:57:49] СВЯЗЬ ПРУЖИНА: 260(стр.4) ↔ 131(стр.1), 87 мм
[02:57:49] связь: от узла 157 (стр.2) — второй Shift+клик
[02:57:52] СВЯЗЬ НИТКА: 157(стр.2) ↔ 317(стр.5), 299 мм
[02:57:52] связь: от узла 30 (стр.0) — второй Shift+клик
[02:57:52] СВЯЗЬ НИТКА: 30(стр.0) ↔ 155(стр.2), 152 мм
[02:57:52] связь: от узла 253 (стр.4) — второй Shift+клик
[02:57:56] СЕТКА 20x12 @(0.60,0.30)м, материал t=1.00, f0≈39 Гц — выбрана
[02:57:57] СЕТКА 20x12 @(0.60,0.30)м, материал t=1.00, f0≈39 Гц — выбрана
[02:57:57] СЕТКА 20x12 @(0.60,0.30)м, материал t=1.00, f0≈39 Гц — выбрана
[02:57:58] СЕТКА 20x12 @(0.60,0.30)м, материал t=1.00, f0≈39 Гц — выбрана
[02:59:32] СБРОС (в позиции покоя)
[02:59:33] СБРОС (в позиции покоя)
[02:59:33] СБРОС (в позиции покоя)
[02:59:37] стр.0 выбрана: t=1.00 nl=0.04 ca=0.02 grav=0.00 (слайдеры синхронизированы)
[02:59:38] стр.0 выбрана: t=1.00 nl=0.04 ca=0.02 grav=0.00 (слайдеры синхронизированы)
[02:59:38] стр.4 выбрана: t=1.00 nl=0.04 ca=0.02 grav=0.00 (слайдеры синхронизированы)
[02:59:38] стр.1 выбрана: t=1.00 nl=0.04 ca=0.02 grav=0.00 (слайдеры синхронизированы)
[02:59:39] стр.4 выбрана: t=1.00 nl=0.04 ca=0.02 grav=0.00 (слайдеры синхронизированы)
[02:59:39] стр.5 выбрана: t=1.00 nl=0.04 ca=0.02 grav=0.00 (слайдеры синхронизированы)
[02:59:39] стр.5 выбрана: t=1.00 nl=0.04 ca=0.02 grav=0.00 (слайдеры синхронизированы)
[02:59:39] стр.4 выбрана: t=1.00 nl=0.04 ca=0.02 grav=0.00 (слайдеры синхронизированы)
